// Jest Snapshot v1, https://goo.gl/fbAQLP

exports[`Card renders correctly 1`] = `
<DocumentFragment>
  <div
    class="MuiBox-root MuiBox-root-6 makeStyles-card-1"
  >
    <img
      alt=""
      class="makeStyles-cardImg-4"
      src="mock src"
    />
    <div
      class="MuiBox-root MuiBox-root-7 makeStyles-cardInfo-2"
    >
      <h3
        class="MuiTypography-root makeStyles-title-5 MuiTypography-h3"
      >
        mock title
      </h3>
      <p
        class="MuiTypography-root makeStyles-description-3 MuiTypography-body1"
      >
        mock desc
      </p>
      <h5
        class="MuiTypography-root MuiTypography-h5"
      >
        mock price
      </h5>
    </div>
  </div>
</DocumentFragment>
`;
