// Jest Snapshot v1, https://goo.gl/fbAQLP

exports[`Footer renders correctly 1`] = `
<DocumentFragment>
  <div
    class="MuiBox-root MuiBox-root-3 makeStyles-footer-1"
  >
    <p
      class="MuiTypography-root makeStyles-text-2 MuiTypography-body1"
    >
      © 2020 Airbnb clone! No rights reserved - this is a demo!
    </p>
    <span
      class="MuiTypography-root makeStyles-text-2 MuiTypography-caption"
    >
      Privacy · Terms · Sitemap · Company Details
    </span>
  </div>
</DocumentFragment>
`;
